node : Scheduler: 
INTEREST_ACCRUAL_LOG 
query failed - 
ORA-00904: 
"RUN_DATE": invalid 
identifier
At line:1 char:1
+ node server.js > 
out.log 2> 
error_log.txt
+ ~~~~~~~~~~~~~~~~~~~~
~~~~~~~~~~~~~~~~~~~~~
    + CategoryInfo    
          : NotSpeci  
  fied: (Scheduler:   
  INTE...alid iden    
tifier:String) []    
, RemoteException
    + FullyQualifiedE 
   rrorId : NativeCo  
  mmandError
 
Help: https://docs.ora
cle.com/error-help/db/
ora-00904/
Scheduler: 
INTEREST_ACCRUAL_LOG 
query failed - 
ORA-00904: 
"RUN_DATE": invalid 
identifier
Help: https://docs.ora
cle.com/error-help/db/
ora-00904/
Scheduler: 
INTEREST_ACCRUAL_LOG 
query failed - 
ORA-00904: 
"RUN_DATE": invalid 
identifier
Help: https://docs.ora
cle.com/error-help/db/
ora-00904/
Scheduler: 
INTEREST_ACCRUAL_LOG 
query failed - 
ORA-00904: 
"RUN_DATE": invalid 
identifier
Help: https://docs.ora
cle.com/error-help/db/
ora-00904/
